Unity Editor version:    6000.0.64f1 (5360b7cd7953)
Branch:                  6000.0/respin/6000.0.64f1-d4299b69b02d
Build type:              Release
Batch mode:              YES
macOS version:           Version 15.7.3 (Build 24G419)
Darwin version:          24.6.0
Architecture:            x86_64
Running under Rosetta:   NO
Available memory:        8192 MB
[Licensing::Module] Trying to connect to existing licensing client channel...
[Licensing::IpcConnector] Successfully connected to: "LicenseClient-jonathan" at "2026-03-16T16:46:29.883232Z"

COMMAND LINE ARGUMENTS:
/Applications/Unity/Hub/Editor/6000.0.64f1/Unity.app/Contents/MacOS/Unity
-adb2
-batchMode
-noUpm
-name
AssetImportWorker0
-projectPath
/Users/jonathan/Desktop/WWE/Kids Game Overworld/language-adventure-game
-logFile
Logs/AssetImportWorker0.log
-srvPort
55338
-licensingIpc
LicenseClient-jonathan
-job-worker-count
3
-background-job-worker-count
8
-gc-helper-count
1
-name AssetImport
Successfully changed project path to: /Users/jonathan/Desktop/WWE/Kids Game Overworld/language-adventure-game
/Users/jonathan/Desktop/WWE/Kids Game Overworld/language-adventure-game
[UnityMemory] Configuration Parameters - Can be set up in boot.config
    "memorysetup-bucket-allocator-granularity=16"
    "memorysetup-bucket-allocator-bucket-count=8"
    "memorysetup-bucket-allocator-block-size=33554432"
    "memorysetup-bucket-allocator-block-count=8"
    "memorysetup-main-allocator-block-size=16777216"
    "memorysetup-thread-allocator-block-size=16777216"
    "memorysetup-gfx-main-allocator-block-size=16777216"
    "memorysetup-gfx-thread-allocator-block-size=16777216"
    "memorysetup-cache-allocator-block-size=4194304"
    "memorysetup-typetree-allocator-block-size=2097152"
    "memorysetup-profiler-bucket-allocator-granularity=16"
    "memorysetup-profiler-bucket-allocator-bucket-count=8"
    "memorysetup-profiler-bucket-allocator-block-size=33554432"
    "memorysetup-profiler-bucket-allocator-block-count=8"
    "memorysetup-profiler-allocator-block-size=16777216"
    "memorysetup-profiler-editor-allocator-block-size=1048576"
    "memorysetup-temp-allocator-size-main=16777216"
    "memorysetup-job-temp-allocator-block-size=2097152"
    "memorysetup-job-temp-allocator-block-size-background=1048576"
    "memorysetup-job-temp-allocator-reduction-small-platforms=262144"
    "memorysetup-allocator-temp-initial-block-size-main=262144"
    "memorysetup-allocator-temp-initial-block-size-worker=262144"
    "memorysetup-temp-allocator-size-background-worker=32768"
    "memorysetup-temp-allocator-size-job-worker=262144"
    "memorysetup-temp-allocator-size-preload-manager=33554432"
    "memorysetup-temp-allocator-size-nav-mesh-worker=65536"
    "memorysetup-temp-allocator-size-audio-worker=65536"
    "memorysetup-temp-allocator-size-cloud-worker=32768"
    "memorysetup-temp-allocator-size-gi-baking-worker=262144"
    "memorysetup-temp-allocator-size-gi-baking-worker=262144"
    "memorysetup-temp-allocator-size-gi-baking-worker=262144"
    "memorysetup-temp-allocator-size-gi-baking-worker=262144"
    "memorysetup-temp-allocator-size-gi-baking-worker=262144"
    "memorysetup-temp-allocator-size-gfx=262144"
Player connection [140704677298432]  Target information:

Player connection [140704677298432]  * "[IP] 172.20.2.247 [Port] 0 [Flags] 2 [Guid] 2765380271 [EditorId] 2765380271 [Version] 1048832 [Id] OSXEditor(0,Jonathans-Macbook-Pro.local) [Debug] 1 [PackageName] OSXEditor [ProjectName] Editor" 

Player connection [140704677298432] Host joined multi-casting on [225.0.0.222:54997]...
Player connection [140704677298432] Host joined alternative multi-casting on [225.0.0.222:34997]...
JobSystem: Creating JobQueue using job-worker-count value 3
Input System module state changed to: Initialized.
[Physics::Module] Initialized fallback backend.
[Physics::Module] Id: 0xdecafbad
Library Redirect Path: Library/
[Physics::Module] Selected backend.
[Physics::Module] Name: PhysX
[Physics::Module] Id: 0xf2b8ea05
[Physics::Module] SDK Version: 4.1.2
[Physics::Module] Integration Version: 1.0.0
[Physics::Module] Threading Mode: Multi-Threaded
Refreshing native plugins compatible for Editor in 0.00 ms, found 0 plugins.
Preloading 0 native plugins for Editor in 0.00 ms.
Initialize engine version: 6000.0.64f1 (5360b7cd7953)
[Subsystems] Discovering subsystems at path /Applications/Unity/Hub/Editor/6000.0.64f1/Unity.app/Contents/Resources/UnitySubsystems
[Subsystems] Discovering subsystems at path /Users/jonathan/Desktop/WWE/Kids Game Overworld/language-adventure-game/Assets
GfxDevice: creating device client; kGfxThreadingModeNonThreaded
Color LCD preferred device: Intel(R) Iris(TM) Plus Graphics 655 (low power)
Metal devices available: 1
0: Intel(R) Iris(TM) Plus Graphics 655 (low power)
Using device Intel(R) Iris(TM) Plus Graphics 655 (low power)
Initializing Metal device caps: Intel(R) Iris(TM) Plus Graphics 655
Initialize mono
Mono path[0] = '/Applications/Unity/Hub/Editor/6000.0.64f1/Unity.app/Contents/Managed'
Mono path[1] = '/Applications/Unity/Hub/Editor/6000.0.64f1/Unity.app/Contents/MonoBleedingEdge/lib/mono/unityjit-macos'
Mono config path = '/Applications/Unity/Hub/Editor/6000.0.64f1/Unity.app/Contents/MonoBleedingEdge/etc'
Using monoOptions --debugger-agent=transport=dt_socket,embedding=1,server=y,suspend=n,address=127.0.0.1:56452
Begin MonoManager ReloadAssembly
[Licensing::Client] Handshaking with LicensingClient:
  Version:                 1.17.4+4293ba1
  Session Id:              56605ac72ac24f2db57183fbe5328b84
  Correlation Id:          93add2a7944fc235c003a529b5a871f4
  External correlation Id: 678254294048623718
  Machine Id:              z6CD7ycQd/nTNU8UkNBDMB80CWM=
[Licensing::Module] Successfully connected to LicensingClient on channel: "LicenseClient-jonathan" (connect: 0.00s, validation: 0.03s, handshake: 1.32s)
[Licensing::IpcConnector] Successfully connected to: "LicenseClient-jonathan-notifications" at "2026-03-16T16:46:31.233017Z"
[Licensing::Module] Licensing Background thread has ended after 1.35s
Registering precompiled unity dll's ...
Register platform support module: /Applications/Unity/Hub/Editor/6000.0.64f1/Unity.app/Contents/PlaybackEngines/MacStandaloneSupport/UnityEditor.OSXStandalone.Extensions.dll
[Licensing::Client] Successfully resolved entitlement details
[Licensing::Module] License group:
  Id: F4-66SD-B4FU-TAT2-KNMZ-XXXX
  Product: Unity Personal
  Type: ULF
  Expiration: Unlimited
[Licensing::Module] License group:
  Id: 11270061460281-UnityPersXXXX
  Product: Unity Personal
  Type: Assigned
  Expiration: Unlimited
Register platform support module: /Applications/Unity/Hub/Editor/6000.0.64f1/PlaybackEngines/AndroidPlayer/UnityEditor.Android.Extensions.dll
[Licensing::Client] Successfully resolved entitlement details
[Licensing::Module] License group:
  Id: F4-66SD-B4FU-TAT2-KNMZ-XXXX
  Product: Unity Personal
  Type: ULF
  Expiration: Unlimited
[Licensing::Module] License group:
  Id: 11270061460281-UnityPersXXXX
  Product: Unity Personal
  Type: Assigned
  Expiration: Unlimited
Register platform support module: /Applications/Unity/Hub/Editor/6000.0.64f1/PlaybackEngines/iOSSupport/UnityEditor.iOS.Extensions.dll
Registered in 0.019572 seconds.
- Loaded All Assemblies, in  1.038 seconds
[usbmuxd] Start listen thread
[usbmuxd] Listen thread started
[usbmuxd] Send listen message
Native extension for iOS target not found
Native extension for Android target not found
Android Extension - Scanning For ADB Devices 217 ms
Native extension for OSXStandalone target not found
Mono: successfully reloaded assembly
- Finished resetting the current domain, in  1.299 seconds
Domain Reload Profiling: 2336ms
	BeginReloadAssembly (335ms)
		ExecutionOrderSort (0ms)
		DisableScriptedObjects (0ms)
		BackupInstance (0ms)
		ReleaseScriptingObjects (0ms)
		CreateAndSetChildDomain (2ms)
	RebuildCommonClasses (98ms)
	RebuildNativeTypeToScriptingClass (33ms)
	initialDomainReloadingComplete (142ms)
	LoadAllAssembliesAndSetupDomain (428ms)
		LoadAssemblies (339ms)
		RebuildTransferFunctionScriptingTraits (0ms)
		AnalyzeDomain (417ms)
			TypeCache.Refresh (413ms)
				TypeCache.ScanAssembly (379ms)
			BuildScriptInfoCaches (0ms)
			ResolveRequiredComponents (1ms)
	FinalizeReload (1299ms)
		ReleaseScriptCaches (0ms)
		RebuildScriptCaches (0ms)
		SetupLoadedEditorAssemblies (1219ms)
			LogAssemblyErrors (0ms)
			InitializePlatformSupportModulesInManaged (668ms)
			SetLoadedEditorAssemblies (8ms)
			BeforeProcessingInitializeOnLoad (141ms)
			ProcessInitializeOnLoadAttributes (270ms)
			ProcessInitializeOnLoadMethodAttributes (130ms)
			AfterProcessingInitializeOnLoad (0ms)
			EditorAssembliesLoaded (0ms)
		ExecutionOrderSort2 (0ms)
		AwakeInstancesAfterBackupRestoration (0ms)
[CoreBusinessMetrics] Unexpected thread when updating session info.
========================================================================
Worker process is ready to serve import requests
Import Worker Mode flag is 0x00
Begin MonoManager ReloadAssembly
[Licensing::Client] Successfully resolved entitlement details
[Licensing::Module] License group:
  Id: F4-66SD-B4FU-TAT2-KNMZ-XXXX
  Product: Unity Personal
  Type: ULF
  Expiration: Unlimited
[Licensing::Module] License group:
  Id: 11270061460281-UnityPersXXXX
  Product: Unity Personal
  Type: Assigned
  Expiration: Unlimited
- Loaded All Assemblies, in  0.916 seconds
Refreshing native plugins compatible for Editor in 0.00 ms, found 0 plugins.
Native extension for iOS target not found
Native extension for Android target not found
Native extension for OSXStandalone target not found
Mono: successfully reloaded assembly
- Finished resetting the current domain, in  0.913 seconds
Domain Reload Profiling: 1828ms
	BeginReloadAssembly (336ms)
		ExecutionOrderSort (0ms)
		DisableScriptedObjects (14ms)
		BackupInstance (0ms)
		ReleaseScriptingObjects (0ms)
		CreateAndSetChildDomain (96ms)
	RebuildCommonClasses (99ms)
	RebuildNativeTypeToScriptingClass (35ms)
	initialDomainReloadingComplete (82ms)
	LoadAllAssembliesAndSetupDomain (363ms)
		LoadAssemblies (379ms)
		RebuildTransferFunctionScriptingTraits (0ms)
		AnalyzeDomain (119ms)
			TypeCache.Refresh (85ms)
				TypeCache.ScanAssembly (60ms)
			BuildScriptInfoCaches (15ms)
			ResolveRequiredComponents (13ms)
	FinalizeReload (914ms)
		ReleaseScriptCaches (0ms)
		RebuildScriptCaches (0ms)
		SetupLoadedEditorAssemblies (559ms)
			LogAssemblyErrors (0ms)
			InitializePlatformSupportModulesInManaged (40ms)
			SetLoadedEditorAssemblies (6ms)
			BeforeProcessingInitializeOnLoad (173ms)
			ProcessInitializeOnLoadAttributes (275ms)
			ProcessInitializeOnLoadMethodAttributes (63ms)
			AfterProcessingInitializeOnLoad (2ms)
			EditorAssembliesLoaded (0ms)
		ExecutionOrderSort2 (0ms)
		AwakeInstancesAfterBackupRestoration (6ms)
Launching external process: /Applications/Unity/Hub/Editor/6000.0.64f1/Unity.app/Contents/Tools/UnityShaderCompiler
Launched and connected shader compiler UnityShaderCompiler after 0.13 seconds
Refreshing native plugins compatible for Editor in 0.00 ms, found 0 plugins.
Preloading 0 native plugins for Editor in 0.00 ms.
Unloading 0 Unused Serialized files (Serialized files now loaded: 0)
Unloading 1054 unused Assets / (238.7 KB). Loaded Objects now: 1554.
Memory consumption went from 66.3 MB to 66.1 MB.
Total: 7.109229 ms (FindLiveObjects: 0.240653 ms CreateObjectMapping: 0.094418 ms MarkObjects: 6.310721 ms  DeleteObjects: 0.462017 ms)

========================================================================
Received Import Request.
  Time since last request: 34031.626146 seconds.
  path: Assets/Scenes/Academy/Close Up Scenes/FairyExercise.unity
  artifactKey: Guid(28294110fb82a70efabc6ccbd61c905a) Importer(815301076,1909f56bfc062723c751e8b465ee728b)
Start importing Assets/Scenes/Academy/Close Up Scenes/FairyExercise.unity using Guid(28294110fb82a70efabc6ccbd61c905a) Importer(815301076,1909f56bfc062723c751e8b465ee728b) (PreviewImporter) -> (artifact id: 'c17ec5765b9aa0da5915dfafb59c5429') in 0.011566298 seconds
Number of updated asset objects reloaded before import = 0Number of asset objects unloaded after import = 0

========================================================================
Received Import Request.
  Time since last request: 0.000083 seconds.
  path: Assets/Scenes/Academy/Close Up Scenes
  artifactKey: Guid(fed57a60bb4d90f1489b0b7afa9ebdb1) Importer(815301076,1909f56bfc062723c751e8b465ee728b)
Start importing Assets/Scenes/Academy/Close Up Scenes using Guid(fed57a60bb4d90f1489b0b7afa9ebdb1) Importer(815301076,1909f56bfc062723c751e8b465ee728b) (PreviewImporter) -> (artifact id: '2a1b4a3227bb8eb0018225097f3b6eb4') in 0.000955239 seconds
Number of updated asset objects reloaded before import = 0Number of asset objects unloaded after import = 0

========================================================================
Received Import Request.
  Time since last request: 0.000170 seconds.
  path: Assets/Scenes/Academy
  artifactKey: Guid(46d41526e51a8665bbcea5b21e5e117b) Importer(815301076,1909f56bfc062723c751e8b465ee728b)
Start importing Assets/Scenes/Academy using Guid(46d41526e51a8665bbcea5b21e5e117b) Importer(815301076,1909f56bfc062723c751e8b465ee728b) (PreviewImporter) -> (artifact id: '4f27bb0d58deee6c1be52797f7216099') in 0.000878119 seconds
Number of updated asset objects reloaded before import = 0Number of asset objects unloaded after import = 0

========================================================================
Received Import Request.
  Time since last request: 0.000187 seconds.
  path: Assets/Scenes/Academy/Academy.unity
  artifactKey: Guid(1ce06b4ab9d54d6ad866ad9d4a06d39c) Importer(815301076,1909f56bfc062723c751e8b465ee728b)
Start importing Assets/Scenes/Academy/Academy.unity using Guid(1ce06b4ab9d54d6ad866ad9d4a06d39c) Importer(815301076,1909f56bfc062723c751e8b465ee728b) (PreviewImporter) -> (artifact id: 'd07ecab3d995fc26fe34bb452308b320') in 0.000832998 seconds
Number of updated asset objects reloaded before import = 0Number of asset objects unloaded after import = 0

========================================================================
Received Import Request.
  Time since last request: 0.675030 seconds.
  path: Assets/Scenes/Academy/Close Up Scenes/Greeting01Exercise.unity
  artifactKey: Guid(442fe2cfb0bc70589ac13181cffdf8cb) Importer(815301076,1909f56bfc062723c751e8b465ee728b)
Start importing Assets/Scenes/Academy/Close Up Scenes/Greeting01Exercise.unity using Guid(442fe2cfb0bc70589ac13181cffdf8cb) Importer(815301076,1909f56bfc062723c751e8b465ee728b) (PreviewImporter) -> (artifact id: 'fabfae997aa4e08a49d36618ea04222c') in 0.000779603 seconds
Number of updated asset objects reloaded before import = 0Number of asset objects unloaded after import = 0

========================================================================
Received Import Request.
  Time since last request: 1.053224 seconds.
  path: Assets/Scenes/Academy/Close Up Scenes/Greeting02Exercise.unity
  artifactKey: Guid(d0d10cd659e1891009861cd4651ef583) Importer(815301076,1909f56bfc062723c751e8b465ee728b)
Start importing Assets/Scenes/Academy/Close Up Scenes/Greeting02Exercise.unity using Guid(d0d10cd659e1891009861cd4651ef583) Importer(815301076,1909f56bfc062723c751e8b465ee728b) (PreviewImporter) -> (artifact id: '60831376694acc1bdd3195d4315573e4') in 0.000814287 seconds
Number of updated asset objects reloaded before import = 0Number of asset objects unloaded after import = 0

========================================================================
Received Import Request.
  Time since last request: 0.712068 seconds.
  path: Assets/Scenes/Academy/Close Up Scenes/MagazineExercise.unity
  artifactKey: Guid(28508335908d6d40f8388b3ed89d3047) Importer(815301076,1909f56bfc062723c751e8b465ee728b)
Start importing Assets/Scenes/Academy/Close Up Scenes/MagazineExercise.unity using Guid(28508335908d6d40f8388b3ed89d3047) Importer(815301076,1909f56bfc062723c751e8b465ee728b) (PreviewImporter) -> (artifact id: 'adc7418502d23523b7da4d7fb2c82c35') in 0.000798012 seconds
Number of updated asset objects reloaded before import = 0Number of asset objects unloaded after import = 0

========================================================================
Received Import Request.
  Time since last request: 0.605956 seconds.
  path: Assets/Scenes/Academy/Close Up Scenes/SecretaryExercise.unity
  artifactKey: Guid(2f51149da3da69134abe3c468e3b07b8) Importer(815301076,1909f56bfc062723c751e8b465ee728b)
Start importing Assets/Scenes/Academy/Close Up Scenes/SecretaryExercise.unity using Guid(2f51149da3da69134abe3c468e3b07b8) Importer(815301076,1909f56bfc062723c751e8b465ee728b) (PreviewImporter) -> (artifact id: 'abbe02eff49054f503b67bf4ec9d6aba') in 0.001335026 seconds
Number of updated asset objects reloaded before import = 0Number of asset objects unloaded after import = 0

========================================================================
Received Import Request.
  Time since last request: 9.597779 seconds.
  path: Assets/Scenes/Academy/Outside Academy.unity
  artifactKey: Guid(768fdec274b10919dbc0f9f41b3ce9cf) Importer(815301076,1909f56bfc062723c751e8b465ee728b)
Start importing Assets/Scenes/Academy/Outside Academy.unity using Guid(768fdec274b10919dbc0f9f41b3ce9cf) Importer(815301076,1909f56bfc062723c751e8b465ee728b) (PreviewImporter) -> (artifact id: 'afac3659fd5e398d20d101e36e5102ec') in 0.000829217 seconds
Number of updated asset objects reloaded before import = 0Number of asset objects unloaded after import = 0

========================================================================
Received Import Request.
  Time since last request: 343.380005 seconds.
  path: Assets/Scenes/Village/NoodnicExercise.unity
  artifactKey: Guid(0ceef077005fdfb7885874a056aba59f) Importer(815301076,1909f56bfc062723c751e8b465ee728b)
Start importing Assets/Scenes/Village/NoodnicExercise.unity using Guid(0ceef077005fdfb7885874a056aba59f) Importer(815301076,1909f56bfc062723c751e8b465ee728b) (PreviewImporter) -> (artifact id: '2e1cbdff326d53c7359f6edfcbe13c56') in 0.047718083 seconds
Number of updated asset objects reloaded before import = 0Number of asset objects unloaded after import = 0

========================================================================
Received Import Request.
  Time since last request: 4.936676 seconds.
  path: Assets/Scenes/Village/Village.unity
  artifactKey: Guid(acfe2c4dca8af9e50b5788c6df93eae6) Importer(815301076,1909f56bfc062723c751e8b465ee728b)
Start importing Assets/Scenes/Village/Village.unity using Guid(acfe2c4dca8af9e50b5788c6df93eae6) Importer(815301076,1909f56bfc062723c751e8b465ee728b) (PreviewImporter) -> (artifact id: '604ca802c62a43566288c9e1ebad3aff') in 0.001536759 seconds
Number of updated asset objects reloaded before import = 0Number of asset objects unloaded after import = 0

========================================================================
Received Import Request.
  Time since last request: 1.330467 seconds.
  path: Assets/Scenes/Village/VillageSpellBook.unity
  artifactKey: Guid(506c4adbbb3da640cb4ec8adbe62f944) Importer(815301076,1909f56bfc062723c751e8b465ee728b)
Start importing Assets/Scenes/Village/VillageSpellBook.unity using Guid(506c4adbbb3da640cb4ec8adbe62f944) Importer(815301076,1909f56bfc062723c751e8b465ee728b) (PreviewImporter) -> (artifact id: '06e278ef753b44ad043cedaa441501cd') in 0.002238385 seconds
Number of updated asset objects reloaded before import = 0Number of asset objects unloaded after import = 0

========================================================================
Received Import Request.
  Time since last request: 5.205591 seconds.
  path: Assets/Scenes/Town/Town.unity
  artifactKey: Guid(a78a717c2358057d6ba0940748255a45) Importer(815301076,1909f56bfc062723c751e8b465ee728b)
Start importing Assets/Scenes/Town/Town.unity using Guid(a78a717c2358057d6ba0940748255a45) Importer(815301076,1909f56bfc062723c751e8b465ee728b) (PreviewImporter) -> (artifact id: 'be18ad3b0a8adf9cb955313314baefb7') in 0.001275213 seconds
Number of updated asset objects reloaded before import = 0Number of asset objects unloaded after import = 0

========================================================================
Received Import Request.
  Time since last request: 3.174090 seconds.
  path: Assets/Scenes/Temple/MageExercise.unity
  artifactKey: Guid(da5cd2cbab8e01c21a37105efda3094b) Importer(815301076,1909f56bfc062723c751e8b465ee728b)
Start importing Assets/Scenes/Temple/MageExercise.unity using Guid(da5cd2cbab8e01c21a37105efda3094b) Importer(815301076,1909f56bfc062723c751e8b465ee728b) (PreviewImporter) -> (artifact id: '2ff817c46d9cc527836ef97854986abe') in 0.001587566 seconds
Number of updated asset objects reloaded before import = 0Number of asset objects unloaded after import = 0

========================================================================
Received Import Request.
  Time since last request: 3.050662 seconds.
  path: Assets/Scenes/Temple/Temple.unity
  artifactKey: Guid(e425d4a4d71e91ebdb848706afc8e88b) Importer(815301076,1909f56bfc062723c751e8b465ee728b)
Start importing Assets/Scenes/Temple/Temple.unity using Guid(e425d4a4d71e91ebdb848706afc8e88b) Importer(815301076,1909f56bfc062723c751e8b465ee728b) (PreviewImporter) -> (artifact id: 'e17f2bfaf73c1888abc23b89222cd5c2') in 0.001948077 seconds
Number of updated asset objects reloaded before import = 0Number of asset objects unloaded after import = 0

========================================================================
Received Import Request.
  Time since last request: 1.569222 seconds.
  path: Assets/Scenes/Temple/TempleSpellBook.unity
  artifactKey: Guid(0cf08cbb9492beb4e92ca680468e1401) Importer(815301076,1909f56bfc062723c751e8b465ee728b)
Start importing Assets/Scenes/Temple/TempleSpellBook.unity using Guid(0cf08cbb9492beb4e92ca680468e1401) Importer(815301076,1909f56bfc062723c751e8b465ee728b) (PreviewImporter) -> (artifact id: '949164d21f2f7aaedcf0d681c5949dda') in 0.000900605 seconds
Number of updated asset objects reloaded before import = 0Number of asset objects unloaded after import = 0

========================================================================
Received Import Request.
  Time since last request: 5.608567 seconds.
  path: Assets/Scenes/Intro/old scenes/GoalDescription.unity
  artifactKey: Guid(8dc515e402a18797e9739de8a1506da3) Importer(815301076,1909f56bfc062723c751e8b465ee728b)
Start importing Assets/Scenes/Intro/old scenes/GoalDescription.unity using Guid(8dc515e402a18797e9739de8a1506da3) Importer(815301076,1909f56bfc062723c751e8b465ee728b) (PreviewImporter) -> (artifact id: 'c75afef1cbcea64521adedded933c77b') in 0.020254573 seconds
Number of updated asset objects reloaded before import = 0Number of asset objects unloaded after import = 0

========================================================================
Received Import Request.
  Time since last request: 1.683514 seconds.
  path: Assets/Scenes/Intro/old scenes/Rules.unity
  artifactKey: Guid(15c8844fd4fcb31e39b4d818a3f6e3de) Importer(815301076,1909f56bfc062723c751e8b465ee728b)
Start importing Assets/Scenes/Intro/old scenes/Rules.unity using Guid(15c8844fd4fcb31e39b4d818a3f6e3de) Importer(815301076,1909f56bfc062723c751e8b465ee728b) (PreviewImporter) -> (artifact id: 'd218bd37ec7098fd77ac0777e346a5ae') in 0.001184492 seconds
Number of updated asset objects reloaded before import = 0Number of asset objects unloaded after import = 0

========================================================================
Received Import Request.
  Time since last request: 8.892047 seconds.
  path: Assets/Scenes/Forest/animal intros
  artifactKey: Guid(002c7d1a888c79b16b36e2a1307b9fdf) Importer(815301076,1909f56bfc062723c751e8b465ee728b)
Start importing Assets/Scenes/Forest/animal intros using Guid(002c7d1a888c79b16b36e2a1307b9fdf) Importer(815301076,1909f56bfc062723c751e8b465ee728b) (PreviewImporter) -> (artifact id: '068fbe7a5e491b515fd922de1ad8550a') in 0.00087895 seconds
Number of updated asset objects reloaded before import = 0Number of asset objects unloaded after import = 0

========================================================================
Received Import Request.
  Time since last request: 0.962125 seconds.
  path: Assets/Scenes/Forest/animal intros/CatIntro.unity
  artifactKey: Guid(63fba5efd333da4ee9e03a872ae75090) Importer(815301076,1909f56bfc062723c751e8b465ee728b)
Start importing Assets/Scenes/Forest/animal intros/CatIntro.unity using Guid(63fba5efd333da4ee9e03a872ae75090) Importer(815301076,1909f56bfc062723c751e8b465ee728b) (PreviewImporter) -> (artifact id: 'e24a91f2be1dc00f60c8989236e58bac') in 0.002331317 seconds
Number of updated asset objects reloaded before import = 0Number of asset objects unloaded after import = 0

========================================================================
Received Import Request.
  Time since last request: 1.369850 seconds.
  path: Assets/Scenes/Forest/animal intros/DogIntro.unity
  artifactKey: Guid(15bdc1a37ff8d261db469b1a94cf8c6e) Importer(815301076,1909f56bfc062723c751e8b465ee728b)
Start importing Assets/Scenes/Forest/animal intros/DogIntro.unity using Guid(15bdc1a37ff8d261db469b1a94cf8c6e) Importer(815301076,1909f56bfc062723c751e8b465ee728b) (PreviewImporter) -> (artifact id: '25bb9ab9b5e1c4f7b782404a80549808') in 0.001629608 seconds
Number of updated asset objects reloaded before import = 0Number of asset objects unloaded after import = 0

========================================================================
Received Import Request.
  Time since last request: 4.591408 seconds.
  path: Assets/Scenes/Forest/ArtemisIntro.unity
  artifactKey: Guid(01e4622053c6d96f68956907f1ac266d) Importer(815301076,1909f56bfc062723c751e8b465ee728b)
Start importing Assets/Scenes/Forest/ArtemisIntro.unity using Guid(01e4622053c6d96f68956907f1ac266d) Importer(815301076,1909f56bfc062723c751e8b465ee728b) (PreviewImporter) -> (artifact id: '194c3879a4941d9bd7ab6d416fe7df7e') in 0.000911046 seconds
Number of updated asset objects reloaded before import = 0Number of asset objects unloaded after import = 0

========================================================================
Received Import Request.
  Time since last request: 0.915332 seconds.
  path: Assets/Scenes/Forest/ForestSpellBook.unity
  artifactKey: Guid(0c1f756dde5cca8c59d00ac4444eeaf9) Importer(815301076,1909f56bfc062723c751e8b465ee728b)
Start importing Assets/Scenes/Forest/ForestSpellBook.unity using Guid(0c1f756dde5cca8c59d00ac4444eeaf9) Importer(815301076,1909f56bfc062723c751e8b465ee728b) (PreviewImporter) -> (artifact id: '2cbe8e37adb62abf2585c9c244730a4b') in 0.000816614 seconds
Number of updated asset objects reloaded before import = 0Number of asset objects unloaded after import = 0

========================================================================
Received Import Request.
  Time since last request: 1.534758 seconds.
  path: Assets/Scenes/Forest/ArtemisExercise.unity
  artifactKey: Guid(a5b94acd8b41c96999ce202786a87f52) Importer(815301076,1909f56bfc062723c751e8b465ee728b)
Start importing Assets/Scenes/Forest/ArtemisExercise.unity using Guid(a5b94acd8b41c96999ce202786a87f52) Importer(815301076,1909f56bfc062723c751e8b465ee728b) (PreviewImporter) -> (artifact id: '97464b626fb39b145544e98d3be5708f') in 0.001306451 seconds
Number of updated asset objects reloaded before import = 0Number of asset objects unloaded after import = 0

========================================================================
Received Import Request.
  Time since last request: 3.226128 seconds.
  path: Assets/Scenes/Fish People/fishpeople.unity
  artifactKey: Guid(caf3bbaee9e87ba328d873303f5e75de) Importer(815301076,1909f56bfc062723c751e8b465ee728b)
Start importing Assets/Scenes/Fish People/fishpeople.unity using Guid(caf3bbaee9e87ba328d873303f5e75de) Importer(815301076,1909f56bfc062723c751e8b465ee728b) (PreviewImporter) -> (artifact id: '1c96bf18d25a49310988b52d9cb4115d') in 0.000797121 seconds
Number of updated asset objects reloaded before import = 0Number of asset objects unloaded after import = 0

========================================================================
Received Import Request.
  Time since last request: 471.218264 seconds.
  path: Assets/Scenes/Hub/Hub.unity
  artifactKey: Guid(54eeb77e9f493aaaf8a349ff228e0352) Importer(815301076,1909f56bfc062723c751e8b465ee728b)
Start importing Assets/Scenes/Hub/Hub.unity using Guid(54eeb77e9f493aaaf8a349ff228e0352) Importer(815301076,1909f56bfc062723c751e8b465ee728b) (PreviewImporter) -> (artifact id: '5fe19ebd277194a950a8e7f0b2f1f631') in 0.009912016 seconds
Number of updated asset objects reloaded before import = 0Number of asset objects unloaded after import = 0

